Godot Engine v4.7.2.stable.official.ed1daf0bf - https://godotengine.org

=== balance report (content only, no modifiers applied) ===

--- raw rates per skill (first vs last unlock) ---
  Timbercraft      11 actions | L1   Emberpine Tree             14400 XP/h | L110 Voidwood Tree             238168 XP/h
  Angling          15 actions | L1   Marsh Shrimp               12000 XP/h | L115 Abyssal Eel               285726 XP/h
  Delving          14 actions | L1   Copper Ore                 11077 XP/h | L115 Herald Ore                292714 XP/h
  Husbandry        10 actions | XP is awarded by the skill's own system
  Kilncraft        11 actions | L1   Emberpine Log              10800 XP/h | L110 Voidwood Log              329400 XP/h
  Cookery          17 actions | L1   Roast Ranch Meat           14400 XP/h | L115 Abyssal Eel Roll          323169 XP/h
  Forgecraft       112 actions | L1   Verdigris 2H Sword         16941 XP/h | L115 Herald Godsword           341047 XP/h
  Bowyering        22 actions | L1   Arrow Shafts                2769 XP/h | L115 Voidwood Longbow          348923 XP/h
  Artifice         51 actions | L1   Leather Body               17455 XP/h | L115 Blighted Wyrmhide Vambraces    362182 XP/h
  Glyphcraft       26 actions | L1   Gale Rune                   8471 XP/h | L115 Umbral Staff              332471 XP/h
  Apothecary       32 actions | L1   Banked Coals I             19059 XP/h | L115 Brew Emberbloom Tonic     126000 XP/h
  Larceny          18 actions | L1   Man                         3300 XP/h | L115 Herald                    607868 XP/h
  Wayfaring        10 actions | L1   Run Course                 18000 XP/h | L115 Herald Ascent             346800 XP/h
  Beastbinding     32 actions | L1   Ashwyrm Tablet              7920 XP/h | L112 Gilded Binding Shard      292200 XP/h
  Starreading      18 actions | L1   Study Vespera              14400 XP/h | L110 Study Halcyon             231600 XP/h
  Runescribing     14 actions | L1   Superheat Iron             40235 XP/h | L110 Transmute Herald          298588 XP/h
  Surveying         9 actions | L1   Survey Hex                  7920 XP/h | L110 Chart the Silence         270000 XP/h
  Excavation       11 actions | L1   Small Dig Site             16200 XP/h | L115 Throne Dig Site           270600 XP/h
  Prospecting      10 actions | L1   Basic Vein                 22500 XP/h | L115 Herald Vein               312300 XP/h
  Echo Keeping     14 actions | L1   Kiln Rhythm                 8400 XP/h | L112 First Echo                224620 XP/h
  Wayfolding       14 actions | L1   Survey a Route             11829 XP/h | L110 Herald Gate               199376 XP/h
  Fermentation     15 actions | L1   Catch Morning Mist          9000 XP/h | L116 Halcyon Vintage           303422 XP/h
  Customcraft      12 actions | L1   Propose a Custom           13680 XP/h | L115 Myth Knit                 204593 XP/h
  Lostfinding      15 actions | L1   Accept a Case              11700 XP/h | L115 Archive Ash               227550 XP/h
  Ranching          9 actions | XP is awarded by the skill's own system
  Inscription      31 actions | L1   Make Paper                 69300 XP/h | L115 Bind Grand Tome           361800 XP/h
  Engineering      12 actions | L1   Forge Gears                54000 XP/h | L115 Assemble Celestial Angler    313200 XP/h
  Enchanting        6 actions | L1   Study Minor Attunement     69120 XP/h | L115 Study Celestial Attunement    334800 XP/h
  Dreamwalking      9 actions | XP is awarded by the skill's own system

--- most demanded materials ---
  Raw Glyph Essence        in 39 recipes (3 producers)
  Wyrmsteel Bar            in 35 recipes (1 producers)
  Scribe Paper             in 26 recipes (1 producers)
  Prismatic Essence        in 26 recipes (2 producers)
  Verdant Binding Shard    in 26 recipes (0 producers, loot x52 + store x2)
  Coal Ore                 in 21 recipes (12 producers)
  Azure Ink                in 19 recipes (1 producers, crafted:inscription)
  Wool                     in 17 recipes (0 producers, ranched)
  declared Azure Ink is deliberately one source (crafted:inscription, 19 recipes) — one azure press at Inscription 25; crude ink below it already has two sources, so the skill widens as it climbs
  declared Wool is deliberately one source (ranched, 17 recipes) — the sheep pen is wool's only supply: the sixteen robe recipes are what make the level-30 animal worth raising

--- enemy curve ---
  L1    Scrub Fowl                 Hearthfall Fields            hp      3  max hit     1  dr   0
  L2    Longhorn Steer             Hearthfall Fields            hp      8  max hit     1  dr   0
  L4    Cinderkin Raider           Hearthfall Fields            hp     12  max hit     3  dr   0
  L5    Graveclaw                  Ashen Barrows                hp     18  max hit     3  dr   0
  L6    Cinderkin Scout            Cinderkin Warrens            hp     18  max hit     4  dr   0
  L12   Barrowbones                Ashen Barrows                hp     30  max hit     5  dr   5
  L15   Fen Spinner                Reedwrack Marsh              hp     34  max hit     6  dr   3
  L18   Cinderkin Warchief         The Plucked Roost            hp     45  max hit     7  dr   5  [boss]
  L23   Sable Rook                 Reedwrack Marsh              hp     55  max hit     9  dr   8
  L28   Drowned Wayfarer           Sunken Strand                hp     72  max hit    10  dr   8
  L34   Broodweb Hunter            Broodweb Fen                 hp     90  max hit    13  dr   6
  L35   Barrow Wraith              Ashen Barrows                hp     92  max hit    12  dr  12
  L37   Rook Marksman              Rook's Hollow                hp     96  max hit    14  dr  10
  L42   Mossbound Colossus         Frostbound Reach             hp    120  max hit    16  dr  15
  L45   Greyharrow Husk            Greyharrow Quarry            hp    140  max hit    17  dr  16
  L50   Shale Stalker              Greyharrow Quarry            hp    165  max hit    19  dr  18
  L54   Quarry Echo                Greyharrow Quarry            hp    185  max hit    21  dr  19
  L58   Slag Golem                 Greyharrow Quarry            hp    205  max hit    23  dr  22
  L60   Sunderhold Sentry          Frostbound Reach             hp    220  max hit    24  dr  25
  L66   Brine Troll                Saltmarch Basin              hp    250  max hit    30  dr  26
  L70   Frostfang Wolf             Frostbound Reach             hp    260  max hit    28  dr  22
  L76   Tidewrack Hag              Saltmarch Basin              hp    400  max hit    35  dr  32
  L85   Glyphbound Knight          Sunderhold Keep              hp    480  max hit    40  dr  35
  L85   Murk Wraith                Into the Murk                hp    520  max hit    55  dr  40
  L88   Sunderhold Centurion       Sunderhold Keep              hp    600  max hit    46  dr  37
  L96   Ashwyrm Seer               Ashwyrm Hollow               hp    660  max hit    56  dr  40
  L102  Sunderhold Ballistarius    Sunderhold Keep              hp    690  max hit    58  dr  41
  L105  Verdant Wyrm               Ashwyrm Hollow               hp    900  max hit    60  dr  40  [boss]
  L110  Gale Wisp                  Observatory of Gales         hp    700  max hit    70  dr  45
  L115  Ash Drake                  Ashwyrm Hollow               hp    840  max hit    68  dr  43
  L120  Tide Wisp                  Tidal Reliquary              hp    850  max hit    80  dr  48
  L130  Stone Wisp                 Deepstone Sanctum            hp   1000  max hit    95  dr  52
  L140  Ember Wisp                 Emberthrone Kiln             hp   1150  max hit   105  dr  55
  L150  Barnacled Deckhand         The Long Dusk                hp   1300  max hit   110  dr  55
  L160  Warden of Gales, Sylphine  Observatory of Gales         hp   1800  max hit   110  dr  60  [boss]
  L170  Warden of Tides, Marrowen  Tidal Reliquary              hp   2100  max hit   120  dr  62  [boss]
  L180  Warden of Stone, Delvhar   Deepstone Sanctum            hp   2400  max hit   135  dr  65  [boss]
  L190  Warden of Embers, Pyrra    Emberthrone Kiln             hp   2700  max hit   150  dr  68  [boss]
  L200  The Murk Incarnate         Into the Murk                hp   3200  max hit   170  dr  70  [boss]
  L210  Herald of the Long Dusk    The Long Dusk                hp   3600  max hit   190  dr  72  [boss]
  L220  Tidewrack King             Nhalassar, the Drowned City  hp   4200  max hit   210  dr  74  [boss]
  L230  Umbral Imp                 The Umbral Deep              hp   2600  max hit   180  dr  70
  L250  Umbral Fiend               The Umbral Deep              hp   3600  max hit   220  dr  74
  L280  Umbral Lord                Riftmouth                    hp   6000  max hit   300  dr  80  [boss]
  L300  Rift Weaver                Riftmouth                    hp   6800  max hit   290  dr  82
  L300  The Herald Ascendant       Seat of the Herald           hp   9000  max hit   380  dr  82  [boss]

--- currency ---
  sources (per full clear of everything): 85.75M GP
    monster_loot     1.26M
    tasks            3.74M
    expeditions      80.76M
  sinks (one-off purchases): 740.60M GP
    provisioner      188.60M
    mastery_stall    552.00M
    settlement       0
  source:sink ratio 0.12

--- materials nothing consumes: 0 undeclared, 12 declared terminal ---
  terminal artefact_shard           dig fragment from every excavation action; vendor scrap next to the four graded artefacts
  terminal ash                      fuel byproduct of every firemaking action; 11 routes produce it and it sells for 1 GP
  terminal blended_weather          sell-for-GP product of Fermentation; the skill's output is gold, not a reagent
  terminal burnt_food               the failure result of Cookery; ruined on purpose and worth nothing
  terminal echo_inscription         sell-for-GP product of Echo Keeping; the skill's output is gold, not a reagent
  terminal finders_fee              sell-for-GP product of Lostfinding; the skill's output is gold, not a reagent
  terminal flawless_echo            sell-for-GP product of Echo Keeping; the skill's output is gold, not a reagent
  terminal grand_confluence         sell-for-GP product of Wayfolding; the skill's output is gold, not a reagent
  terminal herald_case              sell-for-GP product of Lostfinding; the skill's output is gold, not a reagent
  terminal herald_craft             sell-for-GP product of Customcraft; the skill's output is gold, not a reagent
  terminal herald_gate              sell-for-GP product of Wayfolding; the skill's output is gold, not a reagent
  terminal master_echo_loop         sell-for-GP product of Echo Keeping; the skill's output is gold, not a reagent

Note: rates are raw data with no modifiers, no doubling and no downtime. They compare content to content; they are not a prediction of a session.
