Godot Engine v4.7.2.stable.official.ed1daf0bf - https://godotengine.org


===== item card: bronze_sword =====
pin visible=true text=Track this goal
| L: Verdigris Sword
| L: Common · Equipment
| B: Track this goal
| L: In storage
| L: 0
| L: Sell value
| L: 20 GP
| L: Equipment stats
| L: Stab
| L: +7
| L: Slash
| L: +5
| L: Melee Strength
| L: +7
| L: Requires
| L: Bladework 1
| L: How to obtain
| L: Verdigris Sword at Forgecraft
| L: Bronze Bar ×1
| B: Go
| L: Cinderkin Raider
| L: Drops at 5.00% · combat level 4
| B: Go
| L: Cinderkin Scout
| L: Drops at 15.00% · combat level 6
| B: Go

===== item card: shrimp =====
pin visible=true text=Track this goal
| L: Marsh Shrimp
| L: Common · Food
| B: Track this goal
| L: In storage
| L: 0
| L: Sell value
| L: 2 GP
| L: Heals 30 HP.
| L: Heals
| L: 30 HP
| L: How to obtain
| L: Marsh Shrimp at Cookery
| L: Raw Marsh Shrimp ×1
| B: Go

===== item card: bird_nest (container) =====
pin visible=true text=Track this goal
| L: Bird Nest
| L: Common · Consumable
| B: Track this goal
| L: In storage
| L: 0
| L: Sell value
| L: 50 GP
| L: Open for seeds.
| L: No known acquisition path — likely unfinished content.

===== item card: raid_pet_egg =====
pin visible=true text=Track this goal
| L: Raid Pet Egg
| L: Common · Consumable
| B: Track this goal
| L: In storage
| L: 0
| L: No known acquisition path — likely unfinished content.

===== goal: item bronze_sword =====
pin visible=true text=Track this goal
| L: Verdigris Sword
| L: Item goal  ·  in progress
| B: Track this goal
| L: 0 / 1
| L: Requirements
| L: 0 of 1 met
| L: ✗
| L: Verdigris Sword ×1
| L: ✗ 0 / 1
| L:     In the bank (equipped items count once)
| L: Where to get them
| L: Verdigris Sword at Forgecraft
| L: Bronze Bar ×1
| B: Go to this
| L: Cinderkin Raider
| L: Drops at 5.00% · combat level 4
| B: Go to this
| L: Cinderkin Scout
| L: Drops at 15.00% · combat level 6
| B: Go to this
| L: Recipes you need first
| L: counts assume nothing else changes
| L: Lv 1
| L: Verdigris Sword ×1
| B: Open
| L: Lv 1
| L: Bronze Bar ×1
| B: Open
| L: Materials to gather
| L: totals for the whole chain
| L: ✗
| L: Bronze Bar
| L: ✗ 0 / 1
| L:     need 1 more for this goal
| L: ✗
| L: Copper Ore
| L: ✗ 0 / 1
| L:     need 1 more for this goal
| L: ✗
| L: Tin Ore
| L: ✗ 0 / 1
| L:     need 1 more for this goal
| L: Go there
| B: Go to Verdigris Sword at Forgecraft
| B: Go to Cinderkin Raider
| B: Go to Cinderkin Scout

===== goal: recipe woodcutting:normal_tree =====
pin visible=true text=Track this goal
| L: Emberpine Tree (Timbercraft)
| L: Recipe goal  ·  complete
| B: Track this goal
| L: 0 / 1
| L: Requirements
| L: 1 of 1 met
| L: ✓
| L: Timbercraft level 1
| L: ✓ 1 / 1
| L:     Train Timbercraft to unlock this action
| L: Go there
| B: Open Timbercraft

===== goal: skill woodcutting 10 =====
pin visible=true text=Track this goal
| L: Timbercraft level 10
| L: Skill goal  ·  in progress
| B: Track this goal
| L: Training Timbercraft unlocks new actions, recipes and bonuses.
| L: 1 / 10
| L: Requirements
| L: 0 of 1 met
| L: ✗
| L: Timbercraft level 10
| L: ✗ 1 / 10
| L:     83 XP to next level
| L: Go there
| B: Open Timbercraft

===== goal: quest first =====
pin visible=true text=Track this goal
| L: Unavailable
| L: Unknown task 'q_wood_10'
| B: Track this goal

===== goal: upgrade first =====
pin visible=true text=Track this goal
| L: Unavailable
| L: Unknown upgrade 'bronze_pickaxe'
| B: Track this goal

===== recipe card: smithing:bronze_sword =====
pin visible=true text=Track this goal
| L: Unavailable
| L: Unknown upgrade 'bronze_pickaxe'
| B: Track this goal

===== recipe card: woodcutting:normal_tree =====
pin visible=true text=Track this goal
| L: Emberpine Tree
| L: Timbercraft · recipe
| B: Track this goal
| L: Can start now
| L: yes
| L: Projection
| L: assumes uninterrupted supplies; excludes rare drops
| L: Action time
| L: 2.97s
| L: XP per action
| L: 12
| L: XP per hour (≈)
| L: 14.55K
| L: Success chance
| L: 100.0%
| L: Output per hour (≈)
| L: 1212.12 Emberpine Log
| L: Next level in (≈)
| L: 21s
| L: Produces per action
| L: Emberpine Log
| L: Resource · 1 GP each
| L: Common
| L: ×1
| L: The full modifier breakdown is available on the skill screen.
WARNING: 2 ObjectDB instances were leaked at exit (run with `--verbose` for details).
   at: cleanup (core/object/object.cpp:2536)
